11:39:51 **** Build of configuration Debug for project LAB5 ****
make -j4 all 
arm-none-eabi-gcc "../Core/Src/uart_communiation_fsm.c" -mcpu=cortex-m3 -std=gnu11 -g3 -DDEBUG -DUSE_HAL_DRIVER -DSTM32F103x6 -c -I../Core/Inc -I../Drivers/STM32F1xx_HAL_Driver/Inc -I../Drivers/STM32F1xx_HAL_Driver/Inc/Legacy -I../Drivers/CMSIS/Device/ST/STM32F1xx/Include -I../Drivers/CMSIS/Include -O0 -ffunction-sections -fdata-sections -Wall -fstack-usage -MMD -MP -MF"Core/Src/uart_communiation_fsm.d" -MT"Core/Src/uart_communiation_fsm.o" --specs=nano.specs -mfloat-abi=soft -mthumb -o "Core/Src/uart_communiation_fsm.o"
arm-none-eabi-gcc -o "LAB5.elf" @"objects.list"   -mcpu=cortex-m3 -T"C:\Users\Admin\Desktop\Study stuff\Homework\211\VXL\LAB5-git\STM32F103C6\LAB5\STM32F103C6TX_FLASH.ld" --specs=nosys.specs -Wl,-Map="LAB5.map" -Wl,--gc-sections -static --specs=nano.specs -mfloat-abi=soft -mthumb -Wl,--start-group -lc -lm -Wl,--end-group
Finished building target: LAB5.elf
 
arm-none-eabi-size   LAB5.elf 
arm-none-eabi-objdump -h -S  LAB5.elf  > "LAB5.list"
arm-none-eabi-objcopy  -O ihex  LAB5.elf  "LAB5.hex"
arm-none-eabi-objcopy  -O binary  LAB5.elf  "LAB5.bin"
   text	   data	    bss	    dec	    hex	filename
  15620	    136	   1880	  17636	   44e4	LAB5.elf
Finished building: default.size.stdout
 
Finished building: LAB5.list
 
Finished building: LAB5.bin
Finished building: LAB5.hex
 
 
